[00:27:02.880] [INFO] Storybook upgrade - v10.4.0
[00:27:02.882] [INFO] detect-projects-spinner-start: Detecting projects...
[00:27:02.883] [DEBUG] Finding Storybook projects...
[00:27:03.081] [DEBUG] Found 2 Storybook projects
[00:27:03.082] [INFO] detect-projects-spinner: Detecting projects: 1 projects
[00:27:03.083] [DEBUG] Getting Storybook data...
[00:27:03.083] [DEBUG] Getting Storybook info...
[00:27:03.084] [INFO] detect-projects-spinner: Detecting projects: 2 projects
[00:27:03.084] [DEBUG] Getting Storybook data...
[00:27:03.084] [DEBUG] Getting Storybook info...
[00:27:03.130] [DEBUG] Loading main config...
[00:27:03.130] [DEBUG] Getting stories paths...
[00:27:03.139] [DEBUG] Loading main config...
[00:27:03.139] [DEBUG] Getting stories paths...
[00:27:03.142] [DEBUG] Getting package manager...
[00:27:03.579] [DEBUG] Getting package.json info for /Users/jilimbo/Documents/PersonalProjects/UI-Library/apps/storybook/package.json...
[00:27:03.579] [DEBUG] Getting Storybook version...
[00:27:03.579] [DEBUG] Detecting CSF factory usage...
[00:27:03.590] [DEBUG] /apps/storybook/.storybook - Validating before version... undefined
[00:27:03.590] [DEBUG] SB_CLI_UPGRADE_0005 (UpgradeStorybookUnknownCurrentVersionError): We couldn't determine the current version of Storybook in your project.

Are you running the Storybook CLI in a project without Storybook?
It might help if you specify your Storybook config directory with the --config-dir flag.
[00:27:03.590] [DEBUG] Getting package manager...
[00:27:03.995] [DEBUG] Getting package.json info for /Users/jilimbo/Documents/PersonalProjects/UI-Library/apps/ui-storybook/package.json...
[00:27:03.995] [DEBUG] Getting Storybook version...
[00:27:03.995] [DEBUG] Detecting CSF factory usage...
[00:27:03.997] [DEBUG] /apps/ui-storybook/.storybook - Validating before version... 10.4.0
[00:27:03.997] [DEBUG] /apps/ui-storybook/.storybook - Validating upgrade compatibility...
[00:27:03.998] [DEBUG] /apps/ui-storybook/.storybook - Fetching NPM version information...
[00:27:03.998] [DEBUG] Getting CLI versions from NPM for storybook...
[00:27:03.998] [DEBUG] Executing command: pnpm info storybook version
[00:27:04.001] [DEBUG] Getting CLI versions from NPM for storybook@next...
[00:27:04.001] [DEBUG] Executing command: pnpm info storybook@next version
[00:27:04.876] [DEBUG] /apps/ui-storybook/.storybook - Evaluating blockers...
[00:27:04.882] [DEBUG] Getting installed version for @storybook/experimental-addon-test...
[00:27:04.883] [DEBUG] Executing command: pnpm list "@storybook/experimental-addon-test" --json --depth=99
[00:27:05.218] [DEBUG] No installations found for @storybook/experimental-addon-test
[00:27:05.218] [INFO] detect-projects-spinner-stop: 2 projects detected
[00:27:05.219] [DEBUG] Found 1 valid projects and 1 error projects
[00:27:05.219] [INFO] Upgrading from [1m10.4.0[22m to [1m10.4.0[22m
[00:27:05.219] [DEBUG] Executing command: pnpm config get minimumReleaseAge
[00:27:05.492] [INFO] upgrade-dependencies-task-start: Fetching versions to update package.json files..
[00:27:05.492] [DEBUG] Updating dependencies in /apps/ui-storybook/.storybook...
[00:27:05.492] [INFO] upgrade-dependencies-task: /apps/ui-storybook/package.json
/package.json
/packages/core/package.json
[00:27:05.492] [DEBUG] Using cached package.json for /Users/jilimbo/Documents/PersonalProjects/UI-Library/apps/ui-storybook/package.json...
[00:27:05.493] [DEBUG] {
  "upgradedDependencies": []
}
[00:27:05.493] [DEBUG] {
  "upgradedDevDependencies": [
    "@storybook/addon-a11y@^10.4.0",
    "@storybook/addon-docs@^10.4.0",
    "@storybook/addon-links@^10.4.0",
    "@storybook/react@^10.4.0",
    "@storybook/react-vite@^10.4.0",
    "eslint-plugin-storybook@^10.4.0",
    "storybook@^10.4.0"
  ]
}
[00:27:05.493] [DEBUG] {
  "upgradedPeerDependencies": []
}
[00:27:05.493] [DEBUG] Getting package.json info for /Users/jilimbo/Documents/PersonalProjects/UI-Library/apps/ui-storybook/package.json...
[00:27:05.493] [DEBUG] Using cached package.json for /Users/jilimbo/Documents/PersonalProjects/UI-Library/apps/ui-storybook/package.json...
[00:27:05.493] [DEBUG] Using cached package.json for /Users/jilimbo/Documents/PersonalProjects/UI-Library/apps/ui-storybook/package.json...
[00:27:05.493] [DEBUG] Getting package.json info for /Users/jilimbo/Documents/PersonalProjects/UI-Library/apps/ui-storybook/package.json...
[00:27:05.493] [DEBUG] Using cached package.json for /Users/jilimbo/Documents/PersonalProjects/UI-Library/apps/ui-storybook/package.json...
[00:27:05.493] [DEBUG] Getting CLI versions from NPM for @storybook/addon-a11y...
[00:27:05.493] [DEBUG] Executing command: pnpm info @storybook/addon-a11y version
[00:27:06.570] [DEBUG] Getting CLI versions from NPM for @storybook/addon-docs...
[00:27:06.570] [DEBUG] Executing command: pnpm info @storybook/addon-docs version
[00:27:07.603] [DEBUG] Getting CLI versions from NPM for @storybook/addon-links...
[00:27:07.603] [DEBUG] Executing command: pnpm info @storybook/addon-links version
[00:27:08.628] [DEBUG] Getting CLI versions from NPM for @storybook/react...
[00:27:08.628] [DEBUG] Executing command: pnpm info @storybook/react version
[00:27:09.673] [DEBUG] Getting CLI versions from NPM for @storybook/react-vite...
[00:27:09.673] [DEBUG] Executing command: pnpm info @storybook/react-vite version
[00:27:10.701] [DEBUG] Getting CLI versions from NPM for eslint-plugin-storybook...
[00:27:10.701] [DEBUG] Executing command: pnpm info eslint-plugin-storybook version
[00:27:11.453] [DEBUG] Using cached version for storybook...
[00:27:11.453] [DEBUG] Using cached package.json for /Users/jilimbo/Documents/PersonalProjects/UI-Library/apps/ui-storybook/package.json...
[00:27:11.453] [DEBUG] Getting package.json info for /Users/jilimbo/Documents/PersonalProjects/UI-Library/apps/ui-storybook/package.json...
[00:27:11.453] [DEBUG] Using cached package.json for /Users/jilimbo/Documents/PersonalProjects/UI-Library/apps/ui-storybook/package.json...
[00:27:11.453] [DEBUG] Using cached package.json for /Users/jilimbo/Documents/PersonalProjects/UI-Library/apps/ui-storybook/package.json...
[00:27:11.454] [DEBUG] Using cached package.json for /Users/jilimbo/Documents/PersonalProjects/UI-Library/package.json...
[00:27:11.454] [DEBUG] {
  "upgradedDependencies": []
}
[00:27:11.454] [DEBUG] {
  "upgradedDevDependencies": [
    "@storybook/react-vite@^10.4.0"
  ]
}
[00:27:11.454] [DEBUG] {
  "upgradedPeerDependencies": []
}
[00:27:11.454] [DEBUG] Getting package.json info for /Users/jilimbo/Documents/PersonalProjects/UI-Library/package.json...
[00:27:11.454] [DEBUG] Using cached package.json for /Users/jilimbo/Documents/PersonalProjects/UI-Library/package.json...
[00:27:11.454] [DEBUG] Using cached package.json for /Users/jilimbo/Documents/PersonalProjects/UI-Library/package.json...
[00:27:11.454] [DEBUG] Getting package.json info for /Users/jilimbo/Documents/PersonalProjects/UI-Library/package.json...
[00:27:11.454] [DEBUG] Using cached package.json for /Users/jilimbo/Documents/PersonalProjects/UI-Library/package.json...
[00:27:11.454] [DEBUG] Using cached version for @storybook/react-vite...
[00:27:11.454] [DEBUG] Using cached package.json for /Users/jilimbo/Documents/PersonalProjects/UI-Library/package.json...
[00:27:11.454] [DEBUG] Getting package.json info for /Users/jilimbo/Documents/PersonalProjects/UI-Library/package.json...
[00:27:11.454] [DEBUG] Using cached package.json for /Users/jilimbo/Documents/PersonalProjects/UI-Library/package.json...
[00:27:11.454] [DEBUG] Using cached package.json for /Users/jilimbo/Documents/PersonalProjects/UI-Library/package.json...
[00:27:11.454] [DEBUG] Using cached package.json for /Users/jilimbo/Documents/PersonalProjects/UI-Library/packages/core/package.json...
[00:27:11.454] [DEBUG] {
  "upgradedDependencies": []
}
[00:27:11.454] [DEBUG] {
  "upgradedDevDependencies": []
}
[00:27:11.454] [DEBUG] {
  "upgradedPeerDependencies": []
}
[00:27:11.454] [DEBUG] Getting package.json info for /Users/jilimbo/Documents/PersonalProjects/UI-Library/packages/core/package.json...
[00:27:11.454] [DEBUG] Using cached package.json for /Users/jilimbo/Documents/PersonalProjects/UI-Library/packages/core/package.json...
[00:27:11.454] [DEBUG] Using cached package.json for /Users/jilimbo/Documents/PersonalProjects/UI-Library/packages/core/package.json...
[00:27:11.454] [DEBUG] Getting package.json info for /Users/jilimbo/Documents/PersonalProjects/UI-Library/packages/core/package.json...
[00:27:11.454] [DEBUG] Using cached package.json for /Users/jilimbo/Documents/PersonalProjects/UI-Library/packages/core/package.json...
[00:27:11.454] [DEBUG] Using cached package.json for /Users/jilimbo/Documents/PersonalProjects/UI-Library/packages/core/package.json...
[00:27:11.454] [DEBUG] Getting package.json info for /Users/jilimbo/Documents/PersonalProjects/UI-Library/packages/core/package.json...
[00:27:11.454] [DEBUG] Using cached package.json for /Users/jilimbo/Documents/PersonalProjects/UI-Library/packages/core/package.json...
[00:27:11.454] [DEBUG] Using cached package.json for /Users/jilimbo/Documents/PersonalProjects/UI-Library/packages/core/package.json...
[00:27:11.454] [INFO] upgrade-dependencies-task-success: Updated package versions in package.json files
[00:27:11.455] [INFO] detect-automigrations-task-start: Detecting automigrations...
[00:27:11.455] [DEBUG] Starting automigration collection across 1 projects and 22 fixes...
[00:27:11.455] [INFO] detect-automigrations-task: Checking automigrations for /apps/ui-storybook/.storybook...
[00:27:11.455] [DEBUG] Processing project: /apps/ui-storybook/.storybook
[00:27:11.455] [DEBUG] Checking fix eslintPlugin for project /apps/ui-storybook/.storybook...
[00:27:11.455] [DEBUG] Using cached package.json for /Users/jilimbo/Documents/PersonalProjects/UI-Library/apps/ui-storybook/package.json...
[00:27:11.455] [DEBUG] Using cached package.json for /Users/jilimbo/Documents/PersonalProjects/UI-Library/package.json...
[00:27:11.455] [DEBUG] Using cached package.json for /Users/jilimbo/Documents/PersonalProjects/UI-Library/packages/core/package.json...
[00:27:11.455] [DEBUG] Using cached package.json for /Users/jilimbo/Documents/PersonalProjects/UI-Library/apps/ui-storybook/package.json...
[00:27:11.455] [DEBUG] Checking fix addon-mdx-gfm-remove for project /apps/ui-storybook/.storybook...
[00:27:11.456] [DEBUG] Using cached package.json for /Users/jilimbo/Documents/PersonalProjects/UI-Library/apps/ui-storybook/package.json...
[00:27:11.456] [DEBUG] Using cached package.json for /Users/jilimbo/Documents/PersonalProjects/UI-Library/package.json...
[00:27:11.456] [DEBUG] Using cached package.json for /Users/jilimbo/Documents/PersonalProjects/UI-Library/packages/core/package.json...
[00:27:11.456] [DEBUG] Checking fix addon-storysource-code-panel for project /apps/ui-storybook/.storybook...
[00:27:11.456] [DEBUG] Checking fix upgrade-storybook-related-dependencies for project /apps/ui-storybook/.storybook...
[00:27:11.456] [DEBUG] Checking for incompatible storybook packages...
[00:27:11.456] [DEBUG] Using cached package.json for /Users/jilimbo/Documents/PersonalProjects/UI-Library/apps/ui-storybook/package.json...
[00:27:11.456] [DEBUG] Using cached package.json for /Users/jilimbo/Documents/PersonalProjects/UI-Library/package.json...
[00:27:11.456] [DEBUG] Using cached package.json for /Users/jilimbo/Documents/PersonalProjects/UI-Library/packages/core/package.json...
[00:27:11.457] [DEBUG] Using cached package.json for /Users/jilimbo/Documents/PersonalProjects/UI-Library/apps/ui-storybook/package.json...
[00:27:11.457] [DEBUG] Using cached package.json for /Users/jilimbo/Documents/PersonalProjects/UI-Library/package.json...
[00:27:11.457] [DEBUG] Using cached package.json for /Users/jilimbo/Documents/PersonalProjects/UI-Library/packages/core/package.json...
[00:27:11.457] [DEBUG] Getting installed version for @storybook/blocks...
[00:27:11.457] [DEBUG] Getting installed version for @storybook/test...
[00:27:11.457] [DEBUG] Executing command: pnpm list "@storybook/blocks" --json --depth=99
[00:27:11.458] [DEBUG] Executing command: pnpm list "@storybook/test" --json --depth=99
[00:27:11.812] [DEBUG] Installed version for @storybook/test: 8.6.18
[00:27:11.812] [DEBUG] Getting CLI versions from NPM for @storybook/test...
[00:27:11.812] [DEBUG] Executing command: pnpm info @storybook/test version
[00:27:11.814] [DEBUG] Installed version for @storybook/blocks: 8.6.18
[00:27:11.814] [DEBUG] Getting CLI versions from NPM for @storybook/blocks...
[00:27:11.814] [DEBUG] Executing command: pnpm info @storybook/blocks version
[00:27:12.784] [DEBUG] Checking fix initial-globals for project /apps/ui-storybook/.storybook...
[00:27:12.787] [DEBUG] Checking fix addon-globals-api for project /apps/ui-storybook/.storybook...
[00:27:12.789] [DEBUG] Checking fix addon-a11y-addon-test for project /apps/ui-storybook/.storybook...
[00:27:12.789] [DEBUG] Checking fix consolidated-imports for project /apps/ui-storybook/.storybook...
[00:27:12.789] [DEBUG] Checking fix addon-experimental-test for project /apps/ui-storybook/.storybook...
[00:27:12.789] [DEBUG] Using cached installed version for @storybook/experimental-addon-test...
[00:27:12.789] [DEBUG] Checking fix rnstorybook-config for project /apps/ui-storybook/.storybook...
[00:27:12.789] [DEBUG] Using cached package.json for /Users/jilimbo/Documents/PersonalProjects/UI-Library/apps/ui-storybook/package.json...
[00:27:12.789] [DEBUG] Using cached package.json for /Users/jilimbo/Documents/PersonalProjects/UI-Library/package.json...
[00:27:12.789] [DEBUG] Using cached package.json for /Users/jilimbo/Documents/PersonalProjects/UI-Library/packages/core/package.json...
[00:27:12.789] [DEBUG] Checking fix rn-ondevice-addons-to-device-addons for project /apps/ui-storybook/.storybook...
[00:27:12.789] [DEBUG] Using cached package.json for /Users/jilimbo/Documents/PersonalProjects/UI-Library/apps/ui-storybook/package.json...
[00:27:12.789] [DEBUG] Using cached package.json for /Users/jilimbo/Documents/PersonalProjects/UI-Library/package.json...
[00:27:12.789] [DEBUG] Using cached package.json for /Users/jilimbo/Documents/PersonalProjects/UI-Library/packages/core/package.json...
[00:27:12.789] [DEBUG] Checking fix migrate-addon-console for project /apps/ui-storybook/.storybook...
[00:27:12.789] [DEBUG] Using cached package.json for /Users/jilimbo/Documents/PersonalProjects/UI-Library/apps/ui-storybook/package.json...
[00:27:12.789] [DEBUG] Using cached package.json for /Users/jilimbo/Documents/PersonalProjects/UI-Library/package.json...
[00:27:12.789] [DEBUG] Using cached package.json for /Users/jilimbo/Documents/PersonalProjects/UI-Library/packages/core/package.json...
[00:27:12.789] [DEBUG] Checking fix nextjs-to-nextjs-vite for project /apps/ui-storybook/.storybook...
[00:27:12.789] [DEBUG] Using cached package.json for /Users/jilimbo/Documents/PersonalProjects/UI-Library/apps/ui-storybook/package.json...
[00:27:12.789] [DEBUG] Using cached package.json for /Users/jilimbo/Documents/PersonalProjects/UI-Library/package.json...
[00:27:12.789] [DEBUG] Using cached package.json for /Users/jilimbo/Documents/PersonalProjects/UI-Library/packages/core/package.json...
[00:27:12.789] [DEBUG] Checking fix react-vite-to-tanstack-react for project /apps/ui-storybook/.storybook...
[00:27:12.789] [DEBUG] Using cached package.json for /Users/jilimbo/Documents/PersonalProjects/UI-Library/apps/ui-storybook/package.json...
[00:27:12.789] [DEBUG] Using cached package.json for /Users/jilimbo/Documents/PersonalProjects/UI-Library/package.json...
[00:27:12.789] [DEBUG] Using cached package.json for /Users/jilimbo/Documents/PersonalProjects/UI-Library/packages/core/package.json...
[00:27:12.789] [DEBUG] Checking fix remove-addon-interactions for project /apps/ui-storybook/.storybook...
[00:27:12.789] [DEBUG] Using cached package.json for /Users/jilimbo/Documents/PersonalProjects/UI-Library/apps/ui-storybook/package.json...
[00:27:12.789] [DEBUG] Using cached package.json for /Users/jilimbo/Documents/PersonalProjects/UI-Library/package.json...
[00:27:12.789] [DEBUG] Using cached package.json for /Users/jilimbo/Documents/PersonalProjects/UI-Library/packages/core/package.json...
[00:27:12.790] [DEBUG] Checking fix renderer-to-framework for project /apps/ui-storybook/.storybook...
[00:27:12.790] [DEBUG] Checking fix remove-essential-addons for project /apps/ui-storybook/.storybook...
[00:27:12.790] [DEBUG] Using cached package.json for /Users/jilimbo/Documents/PersonalProjects/UI-Library/apps/ui-storybook/package.json...
[00:27:12.790] [DEBUG] Using cached package.json for /Users/jilimbo/Documents/PersonalProjects/UI-Library/package.json...
[00:27:12.790] [DEBUG] Using cached package.json for /Users/jilimbo/Documents/PersonalProjects/UI-Library/packages/core/package.json...
[00:27:12.790] [DEBUG] Checking fix addon-a11y-parameters for project /apps/ui-storybook/.storybook...
[00:27:12.790] [DEBUG] Checking fix remove-docs-autodocs for project /apps/ui-storybook/.storybook...
[00:27:12.794] [DEBUG] Checking fix wrap-getAbsolutePath for project /apps/ui-storybook/.storybook...
[00:27:12.797] [DEBUG] Checking fix fix-faux-esm-require for project /apps/ui-storybook/.storybook...
[00:27:12.797] [DEBUG] Checking fix storybookPackageNameConflict for project /apps/ui-storybook/.storybook...
[00:27:12.797] [DEBUG] Using cached package.json for /Users/jilimbo/Documents/PersonalProjects/UI-Library/apps/ui-storybook/package.json...
[00:27:12.797] [INFO] detect-automigrations-task: 
Automigrations detected:
[00:27:12.799] [INFO] detect-automigrations-task: [32m[32m✔[32m consolidated-imports[39m
[00:27:12.799] [INFO] detect-automigrations-task: [32m[32m✔[32m renderer-to-framework[39m
[00:27:12.799] [INFO] detect-automigrations-task-success: 2 automigration(s) detected
[00:27:17.824] [PROMPT] Select automigrations to run {"choice":["consolidated-imports","renderer-to-framework"]}
[00:27:17.825] [INFO] automigrate-/apps/ui-storybook/.storybook-task-start: Running automigrations for /apps/ui-storybook/.storybook
[00:27:17.845] [INFO] automigrate-/apps/ui-storybook/.storybook-task: [32m[32m✔[32m consolidated-imports[39m
[00:27:17.845] [DEBUG] 
Migrating @storybook/react to @storybook/react-vite
[00:27:17.850] [DEBUG] Updating package.json files...
[00:27:17.852] [INFO] automigrate-/apps/ui-storybook/.storybook-task: [32m[32m✔[32m renderer-to-framework[39m
[00:27:17.852] [INFO] automigrate-/apps/ui-storybook/.storybook-task-success: Completed automigrations for /apps/ui-storybook/.storybook
[00:27:17.852] [INFO] Installing dependencies...
[00:27:17.852] [INFO] install-dependencies-spinner-start: Installing dependencies...
[00:27:17.853] [DEBUG] Executing command: pnpm install -w
[00:27:18.203] [INFO] Installing dependencies...:  WARN  `node_modules` is present. Lockfile only installation will make it out-of-date

[00:27:18.203] [INFO] install-dependencies-spinner: Installing dependencies...: WARN  `node_modules` is p
[00:27:18.223] [INFO] Installing dependencies...: Progress: resolved 1, reused 0, downloaded 0, added 0

[00:27:18.223] [INFO] install-dependencies-spinner: Installing dependencies...: Progress: resolved 1, reu
[00:27:18.240] [INFO] Installing dependencies...:  WARN  deprecated eslint@8.57.1: This version is no longer supported. Please see https://eslint.org/version-support for other options.

[00:27:18.240] [INFO] install-dependencies-spinner: Installing dependencies...: WARN  deprecated eslint@8
[00:27:19.226] [INFO] Installing dependencies...: Progress: resolved 57, reused 0, downloaded 0, added 0

[00:27:19.226] [INFO] install-dependencies-spinner: Installing dependencies...: Progress: resolved 57, re
[00:27:22.571] [INFO] Installing dependencies...: /Users/jilimbo/Documents/PersonalProjects/UI-Library/apps/storybook:
 ERR_PNPM_NO_MATCHING_VERSION  No matching version found for @storybook/addon-essentials@^10.4.0

This error happened while installing a direct dependency of /Users/jilimbo/Documents/PersonalProjects/UI-Library/apps/storybook

The latest release of @storybook/addon-essentials is "8.6.14".

Other releases are:
  * debug: 6.0.28-alpha.3
  * prerelease: 6.5.17-alpha.0
  * future: 7.1.0-alpha.29
  * pr-22631: 7.1.1-pr-22631-1689802540-351503cb.0
  * pr-23508: 7.1.1-pr-23508-1689802571-5ec8c1c3.0
  * tag-for-publishing-older-releases: 8.2.10
  * next: 9.0.0-alpha.12
  * canary: 0.0.0-pr-31494-sha-c99bda03
  * v7: 7.6.24
  * v8-canary: 0.0.0-pr-34009-sha-c90626e7
  * v7-canary: 0.0.0-pr-34011-sha-c45b0f3f
  * v8: 8.6.18

If you need the full list of all 1803 published versions run "$ pnpm view @storybook/addon-essentials versions".

[00:27:22.571] [INFO] install-dependencies-spinner: Installing dependencies...: /Users/jilimbo/Documents/
[00:27:22.605] [ERROR] Installation of dependencies failed! {"error":"ExecaError: Command failed with exit code 1: pnpm install -w\n\n\\u2009WARN\\u2009 `node_modules` is present. Lockfile only installation will make it out-of-date\nProgress: resolved 1, reused 0, downloaded 0, added 0\n\\u2009WARN\\u2009 deprecated eslint@8.57.1: This version is no longer supported. Please see https://eslint.org/version-support for other options.\nProgress: resolved 57, reused 0, downloaded 0, added 0\n/Users/jilimbo/Documents/PersonalProjects/UI-Library/apps/storybook:\n\\u2009ERR_PNPM_NO_MATCHING_VERSION\\u2009 No matching version found for @storybook/addon-essentials@^10.4.0\n\nThis error happened while installing a direct dependency of /Users/jilimbo/Documents/PersonalProjects/UI-Library/apps/storybook\n\nThe latest release of @storybook/addon-essentials is \"8.6.14\".\n\nOther releases are:\n  * debug: 6.0.28-alpha.3\n  * prerelease: 6.5.17-alpha.0\n  * future: 7.1.0-alpha.29\n  * pr-22631: 7.1.1-pr-22631-1689802540-351503cb.0\n  * pr-23508: 7.1.1-pr-23508-1689802571-5ec8c1c3.0\n  * tag-for-publishing-older-releases: 8.2.10\n  * next: 9.0.0-alpha.12\n  * canary: 0.0.0-pr-31494-sha-c99bda03\n  * v7: 7.6.24\n  * v8-canary: 0.0.0-pr-34009-sha-c90626e7\n  * v7-canary: 0.0.0-pr-34011-sha-c45b0f3f\n  * v8: 8.6.18\n\nIf you need the full list of all 1803 published versions run \"$ pnpm view @storybook/addon-essentials versions\".\n    at getFinalError (file:///Users/jilimbo/.npm/_npx/a2344a67d40e0ded/node_modules/storybook/dist/_node-chunks/chunk-WKCYHYMS.js:11559:10)\n    at makeError (file:///Users/jilimbo/.npm/_npx/a2344a67d40e0ded/node_modules/storybook/dist/_node-chunks/chunk-WKCYHYMS.js:13095:15)\n    at getAsyncResult (file:///Users/jilimbo/.npm/_npx/a2344a67d40e0ded/node_modules/storybook/dist/_node-chunks/chunk-WKCYHYMS.js:15741:158)\n    at handlePromise (file:///Users/jilimbo/.npm/_npx/a2344a67d40e0ded/node_modules/storybook/dist/_node-chunks/chunk-WKCYHYMS.js:15727:162)\n    at async Object.executeTaskWithSpinner (file:///Users/jilimbo/.npm/_npx/a2344a67d40e0ded/node_modules/storybook/dist/_node-chunks/chunk-FZZ2KQY7.js:3683:11)\n    at async PNPMProxy.installDependencies (file:///Users/jilimbo/.npm/_npx/a2344a67d40e0ded/node_modules/storybook/dist/_node-chunks/chunk-WKCYHYMS.js:9700:5)\n    at async PNPMProxy.installDependencies (file:///Users/jilimbo/.npm/_npx/a2344a67d40e0ded/node_modules/storybook/dist/_node-chunks/chunk-WKCYHYMS.js:16713:7)\n    at async upgrade (file:///Users/jilimbo/.npm/_npx/a2344a67d40e0ded/node_modules/@storybook/cli/dist/_node-chunks/run-CMSUW4EI.js:10420:103)\n    at async file:///Users/jilimbo/.npm/_npx/a2344a67d40e0ded/node_modules/@storybook/cli/dist/_node-chunks/run-CMSUW4EI.js:10553:70\n    at async withTelemetry (file:///Users/jilimbo/.npm/_npx/a2344a67d40e0ded/node_modules/storybook/dist/_node-chunks/chunk-OQIYQ5CW.js:655:12)"}
[00:27:22.605] [ERROR] install-dependencies-spinner-error: [31mInstallation of dependencies failed![39m
[00:27:22.605] [ERROR] [38;2;241;97;97mExecaError: Command failed with exit code 1: pnpm install -w

\u2009WARN\u2009 `node_modules` is present. Lockfile only installation will make it out-of-date
Progress: resolved 1, reused 0, downloaded 0, added 0
\u2009WARN\u2009 deprecated eslint@8.57.1: This version is no longer supported. Please see https://eslint.org/version-support for other options.
Progress: resolved 57, reused 0, downloaded 0, added 0
./apps/storybook:
\u2009ERR_PNPM_NO_MATCHING_VERSION\u2009 No matching version found for @storybook/addon-essentials@^10.4.0

This error happened while installing a direct dependency of ./apps/storybook

The latest release of @storybook/addon-essentials is "8.6.14".

Other releases are:
  * debug: 6.0.28-alpha.3
  * prerelease: 6.5.17-alpha.0
  * future: 7.1.0-alpha.29
  * pr-22631: 7.1.1-pr-22631-1689802540-351503cb.0
  * pr-23508: 7.1.1-pr-23508-1689802571-5ec8c1c3.0
  * tag-for-publishing-older-releases: 8.2.10
  * next: 9.0.0-alpha.12
  * canary: 0.0.0-pr-31494-sha-c99bda03
  * v7: 7.6.24
  * v8-canary: 0.0.0-pr-34009-sha-c90626e7
  * v7-canary: 0.0.0-pr-34011-sha-c45b0f3f
  * v8: 8.6.18

If you need the full list of all 1803 published versions run "$ pnpm view @storybook/addon-essentials versions".[39m
    at getFinalError (file:///Users/jilimbo/.npm/_npx/a2344a67d40e0ded/node_modules/storybook/dist/_node-chunks/chunk-WKCYHYMS.js:11559:10)
    at makeError (file:///Users/jilimbo/.npm/_npx/a2344a67d40e0ded/node_modules/storybook/dist/_node-chunks/chunk-WKCYHYMS.js:13095:15)
    at getAsyncResult (file:///Users/jilimbo/.npm/_npx/a2344a67d40e0ded/node_modules/storybook/dist/_node-chunks/chunk-WKCYHYMS.js:15741:158)
    at handlePromise (file:///Users/jilimbo/.npm/_npx/a2344a67d40e0ded/node_modules/storybook/dist/_node-chunks/chunk-WKCYHYMS.js:15727:162)
    at async Object.executeTaskWithSpinner (file:///Users/jilimbo/.npm/_npx/a2344a67d40e0ded/node_modules/storybook/dist/_node-chunks/chunk-FZZ2KQY7.js:3683:11)
    at async PNPMProxy.installDependencies (file:///Users/jilimbo/.npm/_npx/a2344a67d40e0ded/node_modules/storybook/dist/_node-chunks/chunk-WKCYHYMS.js:9700:5)
    at async PNPMProxy.installDependencies (file:///Users/jilimbo/.npm/_npx/a2344a67d40e0ded/node_modules/storybook/dist/_node-chunks/chunk-WKCYHYMS.js:16713:7)
    at async upgrade (file:///Users/jilimbo/.npm/_npx/a2344a67d40e0ded/node_modules/@storybook/cli/dist/_node-chunks/run-CMSUW4EI.js:10420:103)
    at async file:///Users/jilimbo/.npm/_npx/a2344a67d40e0ded/node_modules/@storybook/cli/dist/_node-chunks/run-CMSUW4EI.js:10553:70
    at async withTelemetry (file:///Users/jilimbo/.npm/_npx/a2344a67d40e0ded/node_modules/storybook/dist/_node-chunks/chunk-OQIYQ5CW.js:655:12)
[00:27:23.472] [ERROR] ExecaError: Command failed with exit code 1: pnpm install -w

\u2009WARN\u2009 `node_modules` is present. Lockfile only installation will make it out-of-date
Progress: resolved 1, reused 0, downloaded 0, added 0
\u2009WARN\u2009 deprecated eslint@8.57.1: This version is no longer supported. Please see https://eslint.org/version-support for other options.
Progress: resolved 57, reused 0, downloaded 0, added 0
./apps/storybook:
\u2009ERR_PNPM_NO_MATCHING_VERSION\u2009 No matching version found for @storybook/addon-essentials@^10.4.0

This error happened while installing a direct dependency of ./apps/storybook

The latest release of @storybook/addon-essentials is "8.6.14".

Other releases are:
  * debug: 6.0.28-alpha.3
  * prerelease: 6.5.17-alpha.0
  * future: 7.1.0-alpha.29
  * pr-22631: 7.1.1-pr-22631-1689802540-351503cb.0
  * pr-23508: 7.1.1-pr-23508-1689802571-5ec8c1c3.0
  * tag-for-publishing-older-releases: 8.2.10
  * next: 9.0.0-alpha.12
  * canary: 0.0.0-pr-31494-sha-c99bda03
  * v7: 7.6.24
  * v8-canary: 0.0.0-pr-34009-sha-c90626e7
  * v7-canary: 0.0.0-pr-34011-sha-c45b0f3f
  * v8: 8.6.18

If you need the full list of all 1803 published versions run "$ pnpm view @storybook/addon-essentials versions".